../Core/Src/main.c:213:5:main	21512	static
../Core/Src/main.c:379:6:robot_walk	8	static
../Core/Src/main.c:414:6:robot_stop	4	static
../Core/Src/main.c:419:6:robot_up	4	static
../Core/Src/main.c:424:6:robot_sit	4	static
../Core/Src/main.c:452:6:recognize_commands	16	static
../Core/Src/main.c:525:13:MX_I2C3_Init	8	static
../Core/Src/main.c:555:6:HAL_TIM_PeriodElapsedCallback	16	static
../Core/Src/main.c:561:13:MX_TIM6_Init	16	static
../Core/Src/main.c:605:6:preprocess_audio	32	static
../Core/Src/main.c:632:6:SystemClock_Config	88	static
../Core/Src/main.c:676:13:MX_CRC_Init	8	static
../Core/Src/main.c:701:13:MX_I2C1_Init	8	static
../Core/Src/main.c:733:13:MX_I2S2_Init	8	static
../Core/Src/main.c:765:13:MX_SPI1_Init	8	static
../Core/Src/main.c:801:13:MX_USART2_UART_Init	8	static
../Core/Src/main.c:830:13:MX_DMA_Init	16	static
../Core/Src/main.c:847:13:MX_GPIO_Init	48	static
../Core/Src/main.c:888:6:preprocessing_init	8	static
../Core/Src/main.c:962:6:stop_mode	8	static
../Core/Src/main.c:987:6:Error_Handler	4	static,ignoring_inline_asm
